// Jest Snapshot v1, https://goo.gl/fbAQLP

exports[`will check the matchers and pass 1`] = `
Object {
  "children": null,
  "props": Object {},
  "type": "searchResults",
}
`;
